// Jest Snapshot v1, https://goo.gl/fbAQLP

exports[`consumer <search molecule> provides a valid component 1`] = `
Array [
  "const React = require(\\"react\\");",
  "const {screen, render} = require(\\"@testing-library/react\\");",
  "const {default: userAction} = require(\\"@testing-library/user-event\\");",
  "module.exports = {",
  "contract: { consumer: \\"navigation\\", provider: \\"search\\", element: \\"SearchForm\\" },",
  "expectedContract: async (container) => {",
  "const search = jest.fn();",
  "render(React.createElement(container, {label: \\"my search\\", search}))",
  "const block_0_0 = screen.getByLabelText(/my search/gi);",
  "const block_0 = userAction.type(block_0_0,\\"some text\\");",
  "const block_1_0 = screen.getByRole(\\"button\\",{ name: /search/i });",
  "const block_1 = userAction.click(block_1_0);",
  "(function (search) {",
  "expect(search).toBeCalledTimes(1);",
  "expect(search.mock.calls[0][0].detail).toEqual({ query: \\"some text\\" });",
  "})(search)",
  "}",
  "}",
]
`;

exports[`consumer <search molecule> provides a valid component 2`] = `"<search-form label=\\"my search\\"><div><label for=\\"MY SEARCH\\">My search</label><input id=\\"MY SEARCH\\"></div><div role=\\"button\\">SEARCH</div></search-form>"`;
